Microsoft (R) Macro Assembler Version 5.00                  9/5/23 19:59:39
                                                             Page     1-1


       1				.model small 
       2 0064				.stack 100 
       3 0000				.data 
       4				 
       5 0000  4E61BC00			num1                DD 12345678d 
       6 0004  ????????????????		buffer              DQ ? 
       7				 
       8 0000				.code 
       9 0000				main proc 
      10				 
      11 0000  B8 ---- R		mov ax,@data 
      12 0003  8E D8			mov ds,ax 
      13 0005  B8 4C00			mov ax,4c00h 
      14				 
      15				; start 
      16				 
      17 0008  8D 36 0000 R		lea si,num1 
      18				 
      19 000C  8B 04			mov ax,[si] 
      20 000E  8B 5C 02			mov bx,[si + 2] 
      21				 
      22 0011  E8 0020 R		call print_num 
      23 0014  E8 00A5 R		call newline 
      24				 
      25 0017  8B C3			mov ax,bx 
      26 0019  E8 0020 R		call print_num 
      27				 
      28				;end 
      29				 
      30 001C  B4 4C			mov ah,4ch 
      31 001E  CD 21			int 21h 
      32				 
      33 0020				main endp 
      34				 
      35 0020				PRINT_NUM       PROC                   
					                     ;print from ax    
					          这个没有用到 
      36 0020  50			                            push    ax 
					            ;preserves original registe
					r values 
      37 0021  53			                            push    bx 
      38 0022  51			                            push    cx 
      39 0023  52			                            push    dx 
      40 0024  BB 000A			                            mov     bx,
					000Ah         
      41 0027  B9 0000			                            mov     cx,
					0000h 
      42 002A				            Divloop: 
      43 002A  BA 0000			                            mov     dx,
					0000h 
      44 002D  F7 F3			                            div     bx 
      45 002F  52			                            push    dx 
      46 0030  41			                            inc     cx 
      47 0031  85 C0			                            test    ax,
Microsoft (R) Macro Assembler Version 5.00                  9/5/23 19:59:39
                                                             Page     1-2


					ax 
      48 0033  75 F5			                            jnz     Div
					loop 
      49 0035  B4 02			            mov ah,02h                 
					         ;setup for print 
      50 0037  5A			            IntPrint:       pop     dx 
      51 0038  83 C2 30			                            add     dx,
					48d 
      52 003B  CD 21			                            int     21h
					 
      53 003D  E2 F8			                            loop    Int
					Print 
      54				 
      55 003F  5A			            pop dx                     
					         ;restore original ax value 
      56 0040  59			            pop cx 
      57 0041  5B			            pop bx 
      58 0042  58			            pop ax 
      59 0043  C3			            ret 
      60 0044				PRINT_NUM       ENDP 
      61				 
      62 0044				PRINT_BIN       PROC                   
					                     ;print binary from
					 ax 
      63 0044  50			                            push    ax 
					            ;preserves original registe
					r values 
      64 0045  53			                            push    bx 
      65 0046  51			                            push    cx 
      66 0047  52			                            push    dx 
      67 0048  BB 0002			                            mov     bx,
					0002h         
      68 004B  B9 0000			                            mov     cx,
					0000h 
      69 004E				            DivloopB: 
      70 004E  BA 0000			                            mov     dx,
					0000h 
      71 0051  F7 F3			                            div     bx 
      72 0053  52			                            push    dx 
      73 0054  41			                            inc     cx 
      74 0055  85 C0			                            test    ax,
					ax 
      75 0057  75 F5			                            jnz     Div
					loopB 
      76 0059  B4 02			            mov ah,02h                 
					         ;setup for print 
      77				 
      78 005B  BB 0000			            mov bx,0000h 
      79				 
      80 005E  BB 0010			            mov bx,16d                 
					         ;max number of digits 
      81 0061  2B D9			            sub bx,cx                  
					         ;number of leading zeros = max
					 digits - number of chars to print 
Microsoft (R) Macro Assembler Version 5.00                  9/5/23 19:59:39
                                                             Page     1-3


      82				 
      83 0063  B2 30			            mov dl,"0"                 
					         ;prepare for print 
      84				 
      85 0065  51			            push cx                    
					         ;store cx for later use 
      86 0066  8B CB			            mov  cx,bx 
      87				 
      88 0068  85 C9			            test cx,cx                 
					         ;if cx != 0, print 0 for cx nu
					mber of times 
      89 006A  75 03			            jnz Trailing0B 
      90				 
      91 006C  EB 05 90			            jmp Trailing0BEnd 
      92				 
      93 006F  CD 21			            Trailing0B:     int 21h 
      94 0071  E2 FC			                            loop Traili
					ng0B 
      95				 
      96				 
      97 0073				            Trailing0BEnd: 
      98 0073  59			            pop  cx 
      99				 
     100 0074  5A			            IntPrintB:      pop     dx 
     101 0075  83 C2 30			                            add     dx,
					48d 
     102 0078  CD 21			                            int     21h
					 
     103 007A  E2 F8			                            loop    Int
					PrintB 
     104				 
     105 007C  5A			            pop dx                     
					         ;restore original ax value 
     106 007D  59			            pop cx 
     107 007E  5B			            pop bx 
     108 007F  58			            pop ax 
     109 0080  C3			            ret 
     110 0081				PRINT_BIN       ENDP 
     111				 
     112 0081				GET_LOWER_DL    PROC                   
					                     ;put last 4 bits o
					f DL to BL, first 4 bits of DL to BH 
     113 0081  51			                            push    cx 
     114 0082  52			                            push    dx 
     115				 
     116 0083  B1 04			                            mov     cl,
					4d 
     117 0085  D2 E2			                            shl     dl,
					cl                   ;shifts left 4 the
					n right 4 to get value of lower 4 bits 
     118 0087  D2 EA			                            shr     dl,
					cl 
     119 0089  8A DA			                            mov     bl,
					dl 
Microsoft (R) Macro Assembler Version 5.00                  9/5/23 19:59:39
                                                             Page     1-4


     120				 
     121 008B  5A			                            pop     dx 
					                      
     122 008C  52			                            push    dx 
     123 008D  D2 EA			                            shr     dl,
					cl                   ;shifts right 4 to
					 get value of higher 4 bits 
     124 008F  8A FA			                            mov     bh,
					dl 
     125				 
     126 0091  5A			                            pop     dx 
     127 0092  59			                            pop     cx 
     128				 
     129 0093  C3			                            ret 
     130 0094				GET_LOWER_DL    ENDP 
     131				 
     132 0094				SHR_REG         PROC                   
					                     ;shift dx:ax to th
					e right 
     133 0094  D1 EA			                            shr dx,1   
					                 ;shift right will set 
					carry flag will shifted bit is 1 
     134 0096  D1 D8			                            rcr ax,1   
					                 ;(Rotate through Carry
					 Right) 
     135 0098  C3			                            ret 
     136 0099				SHR_REG         ENDP 
     137				 
     138 0099				SHL_REG         PROC                   
					                     ;shift dx:ax to th
					e left 
     139 0099  D1 E0			                            shl ax,1   
					                 ;shift left will set c
					arry flag will shifted bit is 1 
     140 009B  D1 D2			                            rcl dx,1   
					                 ;(Rotate through Carry
					 left) 
     141 009D  C3			                            ret 
     142 009E				SHL_REG         ENDP 
     143				 
     144 009E				PRINT_CHAR      PROC                   
					                     ;print cjaracter o
					f value in dl 
     145 009E  50			                            push    ax 
     146 009F  B4 02			                            mov     ah,
					02h 
     147 00A1  CD 21			                            int     21h
					 
     148 00A3  58			                            pop     ax 
     149 00A4  C3			                            ret 
     150 00A5				PRINT_CHAR      ENDP 
     151				 
     152 00A5				NEWLINE         PROC 
     153 00A5  52			                            push    dx 
Microsoft (R) Macro Assembler Version 5.00                  9/5/23 19:59:39
                                                             Page     1-5


     154 00A6  B2 0A			                            mov     dl,
					0Ah 
     155 00A8  E8 009E R		                            call PRINT_
					CHAR 
     156 00AB  5A			                            pop     dx 
     157 00AC  C3			                            ret 
     158 00AD				NEWLINE         ENDP 
     159				 
     160 00AD				SPACE           PROC 
     161 00AD  52			                            push dx 
     162 00AE  B2 20			                            mov     dl,
					" " 
     163 00B0  E8 009E R		                            call PRINT_
					CHAR 
     164 00B3  5A			                            pop     dx 
     165 00B4  C3			                            ret 
     166 00B5				SPACE           ENDP 
     167				 
     168 00B5				end main 
Microsoft (R) Macro Assembler Version 5.00                  9/5/23 19:59:39
                                                             Symbols-1


Segments and Groups:

                N a m e         	Length	 Align	Combine Class

DGROUP . . . . . . . . . . . . .  	GROUP
  _DATA  . . . . . . . . . . . .  	000C	WORD	PUBLIC	'DATA'
  STACK  . . . . . . . . . . . .  	0064	PARA	STACK	'STACK'
_TEXT  . . . . . . . . . . . . .  	00B5	WORD	PUBLIC	'CODE'

Symbols:            

                N a m e         	Type	 Value	 Attr

BUFFER . . . . . . . . . . . . .  	L QWORD	0004	_DATA

DIVLOOP  . . . . . . . . . . . .  	L NEAR	002A	_TEXT
DIVLOOPB . . . . . . . . . . . .  	L NEAR	004E	_TEXT

GET_LOWER_DL . . . . . . . . . .  	N PROC	0081	_TEXT	Length = 0013

INTPRINT . . . . . . . . . . . .  	L NEAR	0037	_TEXT
INTPRINTB  . . . . . . . . . . .  	L NEAR	0074	_TEXT

MAIN . . . . . . . . . . . . . .  	N PROC	0000	_TEXT	Length = 0020

NEWLINE  . . . . . . . . . . . .  	N PROC	00A5	_TEXT	Length = 0008
NUM1 . . . . . . . . . . . . . .  	L DWORD	0000	_DATA

PRINT_BIN  . . . . . . . . . . .  	N PROC	0044	_TEXT	Length = 003D
PRINT_CHAR . . . . . . . . . . .  	N PROC	009E	_TEXT	Length = 0007
PRINT_NUM  . . . . . . . . . . .  	N PROC	0020	_TEXT	Length = 0024

SHL_REG  . . . . . . . . . . . .  	N PROC	0099	_TEXT	Length = 0005
SHR_REG  . . . . . . . . . . . .  	N PROC	0094	_TEXT	Length = 0005
SPACE  . . . . . . . . . . . . .  	N PROC	00AD	_TEXT	Length = 0008

TRAILING0B . . . . . . . . . . .  	L NEAR	006F	_TEXT
TRAILING0BEND  . . . . . . . . .  	L NEAR	0073	_TEXT

@CODE  . . . . . . . . . . . . .  	TEXT  _TEXT		
@CODESIZE  . . . . . . . . . . .  	TEXT  0		
@DATASIZE  . . . . . . . . . . .  	TEXT  0		
@FILENAME  . . . . . . . . . . .  	TEXT  32BPrint		

Microsoft (R) Macro Assembler Version 5.00                  9/5/23 19:59:39
                                                             Symbols-2



    168 Source  Lines
    168 Total   Lines
     31 Symbols

  50330 + 449830 Bytes symbol space free

      0 Warning Errors
      0 Severe  Errors
