Microsoft (R) Macro Assembler Version 5.00                  8/26/23 12:39:49
                                                             Page     1-1


       1				.model small 
       2 0064				.stack 100 
       3 0000				.data 
       4				 
       5 0000  4D 49 4C 4B 24		data1       DB    "MILK",'$' 
       6 0005  0004[			data2       DB    4   dup ('*'),'$' 
       7	   2A			
       8			 ]	
       9       24			
      10				 
      11 000A  49 6E 69 74 69 61 6C	inital      DB    "Initial Content$" 
      12       20 43 6F 6E 74 65 6E	
      13       74 24			
      14 001A  41 66 74 65 72 20 52	after       DB    "After Replacement$" 
      15       65 70 6C 61 63 65 6D	
      16       65 6E 74 24		
      17				 
      18 002C  64 61 74 61 31 3A 20	data1Name   DB    "data1: $" 
      19       24			
      20 0034  64 61 74 61 32 3A 20	data2Name   DB    "data2: $" 
      21       24			
      22				 
      23 0000				.code 
      24 0000				main proc 
      25				 
      26 0000  B8 ---- R		mov ax,@data 
      27 0003  8E D8			mov ds,ax 
      28 0005  8E C0			mov es,ax 
      29 0007  B8 4C00			mov ax,4c00h 
      30				 
      31				; start 
      32				 
      33 000A  E8 0084 R		call    NEWLINE 
      34				 
      35 000D  8D 16 000A R		lea     dx,inital 
      36 0011  E8 007D R		call    PRINT_STR 
      37				 
      38 0014  E8 0084 R		call    NEWLINE 
      39				 
      40 0017  8D 16 002C R		lea     dx,data1Name 
      41 001B  E8 007D R		call    PRINT_STR 
      42				 
      43 001E  8D 16 0000 R		lea     dx,data1 
      44 0022  E8 007D R		call    PRINT_STR 
      45				 
      46 0025  E8 0084 R		call    NEWLINE 
      47				 
      48 0028  8D 16 0034 R		lea     dx,data2Name 
      49 002C  E8 007D R		call    PRINT_STR 
      50				 
      51 002F  8D 16 0005 R		lea     dx,data2 
      52 0033  E8 007D R		call    PRINT_STR 
      53				 
      54 0036  E8 0084 R		call    NEWLINE 
Microsoft (R) Macro Assembler Version 5.00                  8/26/23 12:39:49
                                                             Page     1-2


      55 0039  E8 0084 R		call    NEWLINE 
      56				 
      57 003C  8D 36 0000 R		lea     si,data1 
      58 0040  8D 3E 0005 R		lea     di,data2 
      59 0044				replacementLoop1: 
      60 0044  8A 04			        mov         al,[si] 
      61				 
      62 0046  3C 24			        cmp         al,"$"      ;read u
					ntil $ 
      63 0048  74 06			        je          replacementLoop1exi
					t 
      64				 
      65 004A  88 05			        mov         [di],al 
      66 004C  46			        inc         si 
      67 004D  47			        inc         di 
      68 004E  EB F4			        jmp         replacementLoop1 
      69 0050				replacementLoop1exit: 
      70				 
      71 0050  8D 16 001A R		lea     dx,after 
      72 0054  E8 007D R		call    PRINT_STR 
      73				 
      74 0057  E8 0084 R		call    NEWLINE 
      75				 
      76 005A  8D 16 002C R		lea     dx,data1Name 
      77 005E  E8 007D R		call    PRINT_STR 
      78				 
      79 0061  8D 16 0000 R		lea     dx,data1 
      80 0065  E8 007D R		call    PRINT_STR 
      81				 
      82 0068  E8 0084 R		call    NEWLINE 
      83				 
      84 006B  8D 16 0034 R		lea     dx,data2Name 
      85 006F  E8 007D R		call    PRINT_STR 
      86				 
      87 0072  8D 16 0005 R		lea     dx,data2 
      88 0076  E8 007D R		call    PRINT_STR 
      89				;end 
      90				 
      91 0079  B4 4C			mov ah,4ch 
      92 007B  CD 21			int 21h 
      93				 
      94 007D				main endp 
      95				 
      96 007D				PRINT_STR       PROC 
      97 007D  50			                        push    ax 
      98 007E  B4 09			                        mov     ah,09h 
      99 0080  CD 21			                        int     21h 
     100 0082  58			                        pop    ax 
     101 0083  C3			                        ret 
     102 0084				PRINT_STR       ENDP 
     103				 
     104 0084				NEWLINE         PROC 
     105 0084  50			                        push    ax 
     106 0085  52			                        push    dx 
Microsoft (R) Macro Assembler Version 5.00                  8/26/23 12:39:49
                                                             Page     1-3


     107 0086  B2 0A			                        mov     dl,10d 
     108 0088  B4 02			                        mov     ah,02h 
     109 008A  CD 21			                        int     21h 
     110 008C  5A			                        pop     dx 
     111 008D  58			                        pop     ax 
     112 008E  C3			                        ret 
     113 008F				NEWLINE         ENDP 
     114				 
     115 008F				end main 
Microsoft (R) Macro Assembler Version 5.00                  8/26/23 12:39:49
                                                             Symbols-1


Segments and Groups:

                N a m e         	Length	 Align	Combine Class

DGROUP . . . . . . . . . . . . .  	GROUP
  _DATA  . . . . . . . . . . . .  	003C	WORD	PUBLIC	'DATA'
  STACK  . . . . . . . . . . . .  	0064	PARA	STACK	'STACK'
_TEXT  . . . . . . . . . . . . .  	008F	WORD	PUBLIC	'CODE'

Symbols:            

                N a m e         	Type	 Value	 Attr

AFTER  . . . . . . . . . . . . .  	L BYTE	001A	_DATA

DATA1  . . . . . . . . . . . . .  	L BYTE	0000	_DATA
DATA1NAME  . . . . . . . . . . .  	L BYTE	002C	_DATA
DATA2  . . . . . . . . . . . . .  	L BYTE	0005	_DATA	Length = 0004
DATA2NAME  . . . . . . . . . . .  	L BYTE	0034	_DATA

INITAL . . . . . . . . . . . . .  	L BYTE	000A	_DATA

MAIN . . . . . . . . . . . . . .  	N PROC	0000	_TEXT	Length = 007D

NEWLINE  . . . . . . . . . . . .  	N PROC	0084	_TEXT	Length = 000B

PRINT_STR  . . . . . . . . . . .  	N PROC	007D	_TEXT	Length = 0007

REPLACEMENTLOOP1 . . . . . . . .  	L NEAR	0044	_TEXT
REPLACEMENTLOOP1EXIT . . . . . .  	L NEAR	0050	_TEXT

@CODE  . . . . . . . . . . . . .  	TEXT  _TEXT		
@CODESIZE  . . . . . . . . . . .  	TEXT  0		
@DATASIZE  . . . . . . . . . . .  	TEXT  0		
@FILENAME  . . . . . . . . . . .  	TEXT  P3Q1		


    106 Source  Lines
    106 Total   Lines
     25 Symbols

  50460 + 466084 Bytes symbol space free

      0 Warning Errors
      0 Severe  Errors
